2026-01-05 15:05:17,644 - ERROR - No targets specified. Use --targets or config file.
2026-01-05 15:05:32,426 - ERROR - Error loading config file: [Errno 2] No such file or directory: 'config.j'
2026-01-05 15:05:32,426 - ERROR - No targets specified. Use --targets or config file.
2026-01-05 15:05:34,000 - ERROR - Error loading config file: [Errno 2] No such file or directory: 'config.json'
2026-01-05 15:05:34,000 - ERROR - No targets specified. Use --targets or config file.
2026-01-05 15:05:39,905 - INFO - Starting DMVWatcher for targets: Mercer
2026-01-05 15:05:39,905 - INFO - Polling interval: 300 seconds
2026-01-05 15:05:39,906 - INFO - Monitoring until: 2026-01-05 17:05:39
2026-01-05 15:05:39,906 - INFO - Checking appointment availability...
2026-01-05 15:05:41,473 - ERROR - Error in monitoring loop: BrowserType.launch: Executable doesn't exist at /Users/phillipyan/Library/Caches/ms-playwright/chromium_headless_shell-1200/chrome-headless-shell-mac-arm64/chrome-headless-shell
╔════════════════════════════════════════════════════════════╗
║ Looks like Playwright was just installed or updated.       ║
║ Please run the following command to download new browsers: ║
║                                                            ║
║     playwright install                                     ║
║                                                            ║
║ <3 Playwright Team                                         ║
╚════════════════════════════════════════════════════════════╝
Traceback (most recent call last):
  File "/Users/phillipyan/Documents/DMVWatcher/dmvwatcher.py", line 254, in monitor
    current_status = self.check_availability()
  File "/Users/phillipyan/Documents/DMVWatcher/dmvwatcher.py", line 177, in check_availability
    browser = p.chromium.launch(headless=True)
  File "/Users/phillipyan/Documents/DMVWatcher/venv/lib/python3.13/site-packages/playwright/sync_api/_generated.py", line 14568, in launch
    self._sync(
    ~~~~~~~~~~^
        self._impl_obj.launch(
        ^^^^^^^^^^^^^^^^^^^^^^
    ...<17 lines>...
        )
        ^
    )
    ^
  File "/Users/phillipyan/Documents/DMVWatcher/venv/lib/python3.13/site-packages/playwright/_impl/_sync_base.py", line 115, in _sync
    return task.result()
           ~~~~~~~~~~~^^
  File "/Users/phillipyan/Documents/DMVWatcher/venv/lib/python3.13/site-packages/playwright/_impl/_browser_type.py", line 98, in launch
    await self._channel.send(
        "launch", TimeoutSettings.launch_timeout, params
    )
  File "/Users/phillipyan/Documents/DMVWatcher/venv/lib/python3.13/site-packages/playwright/_impl/_connection.py", line 69, in send
    return await self._connection.wrap_api_call(
           ^^^^^^^^^^^^^^^^^^^^^^^^^^^^^^^^^^^^^
    ...<3 lines>...
    )
    ^
  File "/Users/phillipyan/Documents/DMVWatcher/venv/lib/python3.13/site-packages/playwright/_impl/_connection.py", line 559, in wrap_api_call
    raise rewrite_error(error, f"{parsed_st['apiName']}: {error}") from None
playwright._impl._errors.Error: BrowserType.launch: Executable doesn't exist at /Users/phillipyan/Library/Caches/ms-playwright/chromium_headless_shell-1200/chrome-headless-shell-mac-arm64/chrome-headless-shell
╔════════════════════════════════════════════════════════════╗
║ Looks like Playwright was just installed or updated.       ║
║ Please run the following command to download new browsers: ║
║                                                            ║
║     playwright install                                     ║
║                                                            ║
║ <3 Playwright Team                                         ║
╚════════════════════════════════════════════════════════════╝
2026-01-05 15:08:37,337 - INFO - Starting DMVWatcher for targets: Mercer
2026-01-05 15:08:37,338 - INFO - Polling interval: 300 seconds
2026-01-05 15:08:37,338 - INFO - Monitoring until: 2026-01-05 17:08:37
2026-01-05 15:08:37,338 - INFO - Checking appointment availability...
2026-01-05 15:08:39,738 - INFO - Navigating to https://telegov.njportal.com/njmvcmobileunit/AppointmentWizard/265
2026-01-05 15:08:43,179 - INFO - 🎉 NEW AVAILABILITY DETECTED for Mercer!
2026-01-05 15:08:43,179 - INFO - 
🚨 APPOINTMENT AVAILABLE! 🚨

Location: Mercer (Bakers Basin Mobile)
Real ID
County: Mercer
Appointments Available: Unknown
Next Available: Unknown

Book now: https://telegov.njportal.com/njmvcmobileunit/AppointmentWizard/265

2026-01-05 15:08:43,367 - INFO - Mercer: None appointments available (Next: None)
2026-01-05 15:08:43,367 - INFO - Waiting 300 seconds before next check...
2026-01-05 15:11:27,066 - INFO - 
Monitoring stopped by user.
2026-01-05 15:11:28,420 - INFO - Starting DMVWatcher for targets: Mercer
2026-01-05 15:11:28,420 - INFO - Polling interval: 300 seconds
2026-01-05 15:11:28,421 - INFO - Monitoring until: 2026-01-05 17:11:28
2026-01-05 15:11:28,421 - INFO - Checking appointment availability...
2026-01-05 15:11:29,548 - INFO - Navigating to https://telegov.njportal.com/njmvcmobileunit/AppointmentWizard/265
2026-01-05 15:11:33,236 - INFO - DEBUG - Location: Mercer (Bakers Basin Mobile)
Real ID
2026-01-05 15:11:33,236 - INFO - DEBUG - Status HTML (raw): 'No Appointments Available'
2026-01-05 15:11:33,237 - INFO - DEBUG - Status text (inner_text): 'No Appointments Available'
2026-01-05 15:11:33,237 - INFO - DEBUG - Has button: False
2026-01-05 15:11:33,309 - INFO - DEBUG - Found Mercer location:
2026-01-05 15:11:33,309 - INFO -   Name: Mercer (Bakers Basin Mobile)
Real ID
2026-01-05 15:11:33,309 - INFO -   Status text (raw): 'No Appointments Available'
2026-01-05 15:11:33,309 - INFO -   Has button: False
2026-01-05 15:11:33,309 - INFO -   Is available (detected): True
2026-01-05 15:11:33,373 - INFO - DEBUG - Parsing status text: 'No Appointments Available'
2026-01-05 15:11:33,373 - INFO - DEBUG - Split parts: ['No ', '']
2026-01-05 15:11:33,373 - INFO - DEBUG - Count string: 'No'
2026-01-05 15:11:33,373 - WARNING - Could not parse appointment info from 'No Appointments Available': invalid literal for int() with base 10: 'No'
2026-01-05 15:11:33,373 - INFO - Mercer: None appointments available (Next: None)
2026-01-05 15:11:33,374 - INFO - Waiting 300 seconds before next check...
2026-01-05 15:16:33,382 - INFO - Checking appointment availability...
2026-01-05 15:16:34,410 - INFO - Navigating to https://telegov.njportal.com/njmvcmobileunit/AppointmentWizard/265
2026-01-05 15:16:37,701 - INFO - DEBUG - Location: Mercer (Bakers Basin Mobile)
Real ID
2026-01-05 15:16:37,702 - INFO - DEBUG - Status HTML (raw): 'No Appointments Available'
2026-01-05 15:16:37,702 - INFO - DEBUG - Status text (inner_text): 'No Appointments Available'
2026-01-05 15:16:37,702 - INFO - DEBUG - Has button: False
2026-01-05 15:16:37,764 - INFO - DEBUG - Found Mercer location:
2026-01-05 15:16:37,764 - INFO -   Name: Mercer (Bakers Basin Mobile)
Real ID
2026-01-05 15:16:37,764 - INFO -   Status text (raw): 'No Appointments Available'
2026-01-05 15:16:37,764 - INFO -   Has button: False
2026-01-05 15:16:37,764 - INFO -   Is available (detected): True
2026-01-05 15:16:37,791 - INFO - DEBUG - Parsing status text: 'No Appointments Available'
2026-01-05 15:16:37,791 - INFO - DEBUG - Split parts: ['No ', '']
2026-01-05 15:16:37,791 - INFO - DEBUG - Count string: 'No'
2026-01-05 15:16:37,791 - WARNING - Could not parse appointment info from 'No Appointments Available': invalid literal for int() with base 10: 'No'
2026-01-05 15:16:37,791 - INFO - Mercer: None appointments available (Next: None)
2026-01-05 15:16:37,792 - INFO - Waiting 300 seconds before next check...
2026-01-05 15:17:58,139 - INFO - 
Monitoring stopped by user.
2026-01-05 15:20:02,661 - INFO - Date filter: Only alerting for appointments before 2026-01-18
2026-01-05 15:20:02,661 - INFO - Starting DMVWatcher for targets: Mercer
2026-01-05 15:20:02,661 - INFO - Polling interval: 300 seconds
2026-01-05 15:20:02,661 - INFO - Monitoring until: 2026-01-05 17:20:02
2026-01-05 15:20:02,661 - INFO - Checking appointment availability...
2026-01-05 15:20:03,809 - INFO - Navigating to https://telegov.njportal.com/njmvcmobileunit/AppointmentWizard/265
2026-01-05 15:20:07,140 - INFO - DEBUG - Location: Mercer (Bakers Basin Mobile)
Real ID
2026-01-05 15:20:07,140 - INFO - DEBUG - Status HTML (raw): 'No Appointments Available'
2026-01-05 15:20:07,140 - INFO - DEBUG - Status text (inner_text): 'No Appointments Available'
2026-01-05 15:20:07,140 - INFO - DEBUG - Has button: False
2026-01-05 15:20:07,213 - INFO - DEBUG - Found Mercer location:
2026-01-05 15:20:07,213 - INFO -   Name: Mercer (Bakers Basin Mobile)
Real ID
2026-01-05 15:20:07,213 - INFO -   Status text (raw): 'No Appointments Available'
2026-01-05 15:20:07,213 - INFO -   Has button: False
2026-01-05 15:20:07,213 - INFO -   Is available (detected): False
2026-01-05 15:20:07,240 - INFO - Mercer: No appointments available
2026-01-05 15:20:07,240 - INFO - Waiting 300 seconds before next check...
2026-01-05 15:22:37,547 - INFO - 
Monitoring stopped by user.
2026-01-05 15:22:40,171 - INFO - Date filter: Only alerting for appointments before 2026-01-18
2026-01-05 15:22:40,172 - INFO - Starting DMVWatcher for targets: Gloucester
2026-01-05 15:22:40,172 - INFO - Polling interval: 300 seconds
2026-01-05 15:22:40,172 - INFO - Monitoring until: 2026-01-05 17:22:40
2026-01-05 15:22:40,172 - INFO - Checking appointment availability...
2026-01-05 15:22:41,122 - INFO - Navigating to https://telegov.njportal.com/njmvcmobileunit/AppointmentWizard/265 (fresh session, cache-busted)
2026-01-05 15:22:45,661 - INFO - DEBUG - Location: Gloucester (Washington Twp)
Real ID
2026-01-05 15:22:45,662 - INFO - DEBUG - Status HTML (raw): '1 Appointments Available <br> Next Available: 01/06/2026 01:15 PM'
2026-01-05 15:22:45,662 - INFO - DEBUG - Status text (inner_text): '1 Appointments Available\nNext Available: 01/06/2026 01:15 PM'
2026-01-05 15:22:45,662 - INFO - DEBUG - Has button: True
2026-01-05 15:22:45,745 - INFO - DEBUG - Found Gloucester location:
2026-01-05 15:22:45,745 - INFO -   Name: Gloucester (Washington Twp)
Real ID
2026-01-05 15:22:45,745 - INFO -   Status text (raw): '1 Appointments Available\nNext Available: 01/06/2026 01:15 PM'
2026-01-05 15:22:45,745 - INFO -   Has button: True
2026-01-05 15:22:45,746 - INFO -   Is available (detected): True
2026-01-05 15:22:45,775 - INFO - DEBUG - Parsing status text: '1 Appointments Available\nNext Available: 01/06/2026 01:15 PM'
2026-01-05 15:22:45,775 - INFO - DEBUG - Split parts: ['1 ', '\nNext Available: 01/06/2026 01:15 PM']
2026-01-05 15:22:45,775 - INFO - DEBUG - Count string: '1'
2026-01-05 15:22:45,775 - INFO - DEBUG - Next available part: '01/06/2026 01:15 PM'
2026-01-05 15:22:45,776 - INFO - 🎉 NEW AVAILABILITY DETECTED for Gloucester!
2026-01-05 15:22:45,776 - INFO - DEBUG - Parsing status text: '1 Appointments Available\nNext Available: 01/06/2026 01:15 PM'
2026-01-05 15:22:45,776 - INFO - DEBUG - Split parts: ['1 ', '\nNext Available: 01/06/2026 01:15 PM']
2026-01-05 15:22:45,776 - INFO - DEBUG - Count string: '1'
2026-01-05 15:22:45,776 - INFO - DEBUG - Next available part: '01/06/2026 01:15 PM'
2026-01-05 15:22:45,776 - INFO - 
🚨 APPOINTMENT AVAILABLE! 🚨

Location: Gloucester (Washington Twp)
Real ID
County: Gloucester
Appointments Available: 1
Next Available: 01/06/2026 01:15 PM

Book now: https://telegov.njportal.com/njmvcmobileunit/AppointmentWizard/265

2026-01-05 15:22:45,776 - INFO - DEBUG - Parsing status text: '1 Appointments Available\nNext Available: 01/06/2026 01:15 PM'
2026-01-05 15:22:45,776 - INFO - DEBUG - Split parts: ['1 ', '\nNext Available: 01/06/2026 01:15 PM']
2026-01-05 15:22:45,776 - INFO - DEBUG - Count string: '1'
2026-01-05 15:22:45,776 - INFO - DEBUG - Next available part: '01/06/2026 01:15 PM'
2026-01-05 15:22:45,907 - INFO - DEBUG - Parsing status text: '1 Appointments Available\nNext Available: 01/06/2026 01:15 PM'
2026-01-05 15:22:45,907 - INFO - DEBUG - Split parts: ['1 ', '\nNext Available: 01/06/2026 01:15 PM']
2026-01-05 15:22:45,907 - INFO - DEBUG - Count string: '1'
2026-01-05 15:22:45,907 - INFO - DEBUG - Next available part: '01/06/2026 01:15 PM'
2026-01-05 15:22:45,907 - INFO - Gloucester: 1 appointments available (Next: 01/06/2026 01:15 PM) (Date: 2026-01-06) ✅ Within date filter
2026-01-05 15:22:45,908 - INFO - Waiting 300 seconds before next check...
2026-01-05 15:23:13,396 - INFO - 
Monitoring stopped by user.
2026-01-05 15:23:14,396 - INFO - Date filter: Only alerting for appointments before 2026-01-18
2026-01-05 15:23:14,396 - INFO - Starting DMVWatcher for targets: Mercer
2026-01-05 15:23:14,396 - INFO - Polling interval: 300 seconds
2026-01-05 15:23:14,396 - INFO - Monitoring until: 2026-01-05 17:23:14
2026-01-05 15:23:14,396 - INFO - Checking appointment availability...
2026-01-05 15:23:15,341 - INFO - Navigating to https://telegov.njportal.com/njmvcmobileunit/AppointmentWizard/265 (fresh session, cache-busted)
2026-01-05 15:23:19,520 - INFO - DEBUG - Location: Mercer (Bakers Basin Mobile)
Real ID
2026-01-05 15:23:19,520 - INFO - DEBUG - Status HTML (raw): 'No Appointments Available'
2026-01-05 15:23:19,520 - INFO - DEBUG - Status text (inner_text): 'No Appointments Available'
2026-01-05 15:23:19,520 - INFO - DEBUG - Has button: False
2026-01-05 15:23:19,590 - INFO - DEBUG - Found Mercer location:
2026-01-05 15:23:19,590 - INFO -   Name: Mercer (Bakers Basin Mobile)
Real ID
2026-01-05 15:23:19,590 - INFO -   Status text (raw): 'No Appointments Available'
2026-01-05 15:23:19,590 - INFO -   Has button: False
2026-01-05 15:23:19,590 - INFO -   Is available (detected): False
2026-01-05 15:23:19,618 - INFO - Mercer: No appointments available
2026-01-05 15:23:19,619 - INFO - Waiting 300 seconds before next check...
2026-01-05 15:28:19,626 - INFO - Checking appointment availability...
2026-01-05 15:28:20,796 - INFO - Navigating to https://telegov.njportal.com/njmvcmobileunit/AppointmentWizard/265 (fresh session, cache-busted)
2026-01-05 15:28:25,511 - INFO - DEBUG - Location: Mercer (Bakers Basin Mobile)
Real ID
2026-01-05 15:28:25,512 - INFO - DEBUG - Status HTML (raw): 'No Appointments Available'
2026-01-05 15:28:25,512 - INFO - DEBUG - Status text (inner_text): 'No Appointments Available'
2026-01-05 15:28:25,512 - INFO - DEBUG - Has button: False
2026-01-05 15:28:25,596 - INFO - DEBUG - Found Mercer location:
2026-01-05 15:28:25,596 - INFO -   Name: Mercer (Bakers Basin Mobile)
Real ID
2026-01-05 15:28:25,596 - INFO -   Status text (raw): 'No Appointments Available'
2026-01-05 15:28:25,596 - INFO -   Has button: False
2026-01-05 15:28:25,596 - INFO -   Is available (detected): False
2026-01-05 15:28:25,624 - INFO - Mercer: No appointments available
2026-01-05 15:28:25,625 - INFO - Waiting 300 seconds before next check...
2026-01-05 15:33:25,634 - INFO - Checking appointment availability...
2026-01-05 15:33:27,016 - INFO - Navigating to https://telegov.njportal.com/njmvcmobileunit/AppointmentWizard/265 (fresh session, cache-busted)
2026-01-05 15:33:31,570 - INFO - DEBUG - Location: Mercer (Bakers Basin Mobile)
Real ID
2026-01-05 15:33:31,570 - INFO - DEBUG - Status HTML (raw): 'No Appointments Available'
2026-01-05 15:33:31,570 - INFO - DEBUG - Status text (inner_text): 'No Appointments Available'
2026-01-05 15:33:31,571 - INFO - DEBUG - Has button: False
2026-01-05 15:33:31,640 - INFO - DEBUG - Found Mercer location:
2026-01-05 15:33:31,641 - INFO -   Name: Mercer (Bakers Basin Mobile)
Real ID
2026-01-05 15:33:31,641 - INFO -   Status text (raw): 'No Appointments Available'
2026-01-05 15:33:31,641 - INFO -   Has button: False
2026-01-05 15:33:31,641 - INFO -   Is available (detected): False
2026-01-05 15:33:31,672 - INFO - Mercer: No appointments available
2026-01-05 15:33:31,673 - INFO - Waiting 300 seconds before next check...
2026-01-05 15:38:31,682 - INFO - Checking appointment availability...
2026-01-05 15:38:32,933 - INFO - Navigating to https://telegov.njportal.com/njmvcmobileunit/AppointmentWizard/265 (fresh session, cache-busted)
2026-01-05 15:38:37,601 - INFO - DEBUG - Location: Mercer (Bakers Basin Mobile)
Real ID
2026-01-05 15:38:37,602 - INFO - DEBUG - Status HTML (raw): 'No Appointments Available'
2026-01-05 15:38:37,602 - INFO - DEBUG - Status text (inner_text): 'No Appointments Available'
2026-01-05 15:38:37,602 - INFO - DEBUG - Has button: False
2026-01-05 15:38:37,713 - INFO - DEBUG - Found Mercer location:
2026-01-05 15:38:37,713 - INFO -   Name: Mercer (Bakers Basin Mobile)
Real ID
2026-01-05 15:38:37,713 - INFO -   Status text (raw): 'No Appointments Available'
2026-01-05 15:38:37,713 - INFO -   Has button: False
2026-01-05 15:38:37,714 - INFO -   Is available (detected): False
2026-01-05 15:38:37,781 - INFO - Mercer: No appointments available
2026-01-05 15:38:37,782 - INFO - Waiting 300 seconds before next check...
2026-01-05 15:43:37,789 - INFO - Checking appointment availability...
2026-01-05 15:43:38,894 - INFO - Navigating to https://telegov.njportal.com/njmvcmobileunit/AppointmentWizard/265 (fresh session, cache-busted)
2026-01-05 15:43:43,405 - INFO - DEBUG - Location: Mercer (Bakers Basin Mobile)
Real ID
2026-01-05 15:43:43,405 - INFO - DEBUG - Status HTML (raw): 'No Appointments Available'
2026-01-05 15:43:43,405 - INFO - DEBUG - Status text (inner_text): 'No Appointments Available'
2026-01-05 15:43:43,405 - INFO - DEBUG - Has button: False
2026-01-05 15:43:43,475 - INFO - DEBUG - Found Mercer location:
2026-01-05 15:43:43,475 - INFO -   Name: Mercer (Bakers Basin Mobile)
Real ID
2026-01-05 15:43:43,475 - INFO -   Status text (raw): 'No Appointments Available'
2026-01-05 15:43:43,475 - INFO -   Has button: False
2026-01-05 15:43:43,475 - INFO -   Is available (detected): False
2026-01-05 15:43:43,519 - INFO - Mercer: No appointments available
2026-01-05 15:43:43,520 - INFO - Waiting 300 seconds before next check...
2026-01-05 15:48:43,529 - INFO - Checking appointment availability...
2026-01-05 15:48:44,777 - INFO - Navigating to https://telegov.njportal.com/njmvcmobileunit/AppointmentWizard/265 (fresh session, cache-busted)
2026-01-05 15:48:49,351 - INFO - DEBUG - Location: Mercer (Bakers Basin Mobile)
Real ID
2026-01-05 15:48:49,351 - INFO - DEBUG - Status HTML (raw): 'No Appointments Available'
2026-01-05 15:48:49,351 - INFO - DEBUG - Status text (inner_text): 'No Appointments Available'
2026-01-05 15:48:49,351 - INFO - DEBUG - Has button: False
2026-01-05 15:48:49,462 - INFO - DEBUG - Found Mercer location:
2026-01-05 15:48:49,462 - INFO -   Name: Mercer (Bakers Basin Mobile)
Real ID
2026-01-05 15:48:49,462 - INFO -   Status text (raw): 'No Appointments Available'
2026-01-05 15:48:49,462 - INFO -   Has button: False
2026-01-05 15:48:49,462 - INFO -   Is available (detected): False
2026-01-05 15:48:49,499 - INFO - Mercer: No appointments available
2026-01-05 15:48:49,499 - INFO - Waiting 300 seconds before next check...
2026-01-05 15:53:49,506 - INFO - Checking appointment availability...
2026-01-05 15:53:50,555 - INFO - Navigating to https://telegov.njportal.com/njmvcmobileunit/AppointmentWizard/265 (fresh session, cache-busted)
2026-01-05 15:53:54,920 - INFO - DEBUG - Location: Mercer (Bakers Basin Mobile)
Real ID
2026-01-05 15:53:54,920 - INFO - DEBUG - Status HTML (raw): 'No Appointments Available'
2026-01-05 15:53:54,920 - INFO - DEBUG - Status text (inner_text): 'No Appointments Available'
2026-01-05 15:53:54,920 - INFO - DEBUG - Has button: False
2026-01-05 15:53:54,998 - INFO - DEBUG - Found Mercer location:
2026-01-05 15:53:54,998 - INFO -   Name: Mercer (Bakers Basin Mobile)
Real ID
2026-01-05 15:53:54,998 - INFO -   Status text (raw): 'No Appointments Available'
2026-01-05 15:53:54,998 - INFO -   Has button: False
2026-01-05 15:53:54,998 - INFO -   Is available (detected): False
2026-01-05 15:53:55,027 - INFO - Mercer: No appointments available
2026-01-05 15:53:55,028 - INFO - Waiting 300 seconds before next check...
2026-01-05 15:58:55,041 - INFO - Checking appointment availability...
2026-01-05 15:58:56,061 - INFO - Navigating to https://telegov.njportal.com/njmvcmobileunit/AppointmentWizard/265 (fresh session, cache-busted)
2026-01-05 15:59:00,679 - INFO - DEBUG - Location: Mercer (Bakers Basin Mobile)
Real ID
2026-01-05 15:59:00,679 - INFO - DEBUG - Status HTML (raw): 'No Appointments Available'
2026-01-05 15:59:00,679 - INFO - DEBUG - Status text (inner_text): 'No Appointments Available'
2026-01-05 15:59:00,679 - INFO - DEBUG - Has button: False
2026-01-05 15:59:00,759 - INFO - DEBUG - Found Mercer location:
2026-01-05 15:59:00,759 - INFO -   Name: Mercer (Bakers Basin Mobile)
Real ID
2026-01-05 15:59:00,760 - INFO -   Status text (raw): 'No Appointments Available'
2026-01-05 15:59:00,760 - INFO -   Has button: False
2026-01-05 15:59:00,760 - INFO -   Is available (detected): False
2026-01-05 15:59:00,792 - INFO - Mercer: No appointments available
2026-01-05 15:59:00,793 - INFO - Waiting 300 seconds before next check...
2026-01-05 16:04:00,801 - INFO - Checking appointment availability...
2026-01-05 16:04:01,895 - INFO - Navigating to https://telegov.njportal.com/njmvcmobileunit/AppointmentWizard/265 (fresh session, cache-busted)
2026-01-05 16:04:06,618 - INFO - DEBUG - Location: Mercer (Bakers Basin Mobile)
Real ID
2026-01-05 16:04:06,619 - INFO - DEBUG - Status HTML (raw): 'No Appointments Available'
2026-01-05 16:04:06,619 - INFO - DEBUG - Status text (inner_text): 'No Appointments Available'
2026-01-05 16:04:06,619 - INFO - DEBUG - Has button: False
2026-01-05 16:04:06,682 - INFO - DEBUG - Found Mercer location:
2026-01-05 16:04:06,683 - INFO -   Name: Mercer (Bakers Basin Mobile)
Real ID
2026-01-05 16:04:06,683 - INFO -   Status text (raw): 'No Appointments Available'
2026-01-05 16:04:06,683 - INFO -   Has button: False
2026-01-05 16:04:06,683 - INFO -   Is available (detected): False
2026-01-05 16:04:06,707 - INFO - Mercer: No appointments available
2026-01-05 16:04:06,707 - INFO - Waiting 300 seconds before next check...
2026-01-05 16:09:06,717 - INFO - Checking appointment availability...
2026-01-05 16:09:07,813 - INFO - Navigating to https://telegov.njportal.com/njmvcmobileunit/AppointmentWizard/265 (fresh session, cache-busted)
2026-01-05 16:09:12,181 - INFO - DEBUG - Location: Mercer (Bakers Basin Mobile)
Real ID
2026-01-05 16:09:12,181 - INFO - DEBUG - Status HTML (raw): 'No Appointments Available'
2026-01-05 16:09:12,181 - INFO - DEBUG - Status text (inner_text): 'No Appointments Available'
2026-01-05 16:09:12,181 - INFO - DEBUG - Has button: False
2026-01-05 16:09:12,252 - INFO - DEBUG - Found Mercer location:
2026-01-05 16:09:12,253 - INFO -   Name: Mercer (Bakers Basin Mobile)
Real ID
2026-01-05 16:09:12,253 - INFO -   Status text (raw): 'No Appointments Available'
2026-01-05 16:09:12,253 - INFO -   Has button: False
2026-01-05 16:09:12,253 - INFO -   Is available (detected): False
2026-01-05 16:09:12,282 - INFO - Mercer: No appointments available
2026-01-05 16:09:12,283 - INFO - Waiting 300 seconds before next check...
2026-01-05 16:14:12,299 - INFO - Checking appointment availability...
2026-01-05 16:14:13,456 - INFO - Navigating to https://telegov.njportal.com/njmvcmobileunit/AppointmentWizard/265 (fresh session, cache-busted)
2026-01-05 16:14:17,976 - INFO - DEBUG - Location: Mercer (Bakers Basin Mobile)
Real ID
2026-01-05 16:14:17,976 - INFO - DEBUG - Status HTML (raw): 'No Appointments Available'
2026-01-05 16:14:17,976 - INFO - DEBUG - Status text (inner_text): 'No Appointments Available'
2026-01-05 16:14:17,976 - INFO - DEBUG - Has button: False
2026-01-05 16:14:18,044 - INFO - DEBUG - Found Mercer location:
2026-01-05 16:14:18,044 - INFO -   Name: Mercer (Bakers Basin Mobile)
Real ID
2026-01-05 16:14:18,044 - INFO -   Status text (raw): 'No Appointments Available'
2026-01-05 16:14:18,044 - INFO -   Has button: False
2026-01-05 16:14:18,044 - INFO -   Is available (detected): False
2026-01-05 16:14:18,069 - INFO - Mercer: No appointments available
2026-01-05 16:14:18,070 - INFO - Waiting 300 seconds before next check...
2026-01-05 16:19:18,095 - INFO - Checking appointment availability...
2026-01-05 16:19:19,408 - INFO - Navigating to https://telegov.njportal.com/njmvcmobileunit/AppointmentWizard/265 (fresh session, cache-busted)
2026-01-05 16:19:24,088 - INFO - DEBUG - Location: Mercer (Bakers Basin Mobile)
Real ID
2026-01-05 16:19:24,089 - INFO - DEBUG - Status HTML (raw): 'No Appointments Available'
2026-01-05 16:19:24,089 - INFO - DEBUG - Status text (inner_text): 'No Appointments Available'
2026-01-05 16:19:24,089 - INFO - DEBUG - Has button: False
2026-01-05 16:19:24,171 - INFO - DEBUG - Found Mercer location:
2026-01-05 16:19:24,171 - INFO -   Name: Mercer (Bakers Basin Mobile)
Real ID
2026-01-05 16:19:24,171 - INFO -   Status text (raw): 'No Appointments Available'
2026-01-05 16:19:24,171 - INFO -   Has button: False
2026-01-05 16:19:24,171 - INFO -   Is available (detected): False
2026-01-05 16:19:24,201 - INFO - Mercer: No appointments available
2026-01-05 16:19:24,202 - INFO - Waiting 300 seconds before next check...
2026-01-05 16:24:24,232 - INFO - Checking appointment availability...
2026-01-05 16:24:25,422 - INFO - Navigating to https://telegov.njportal.com/njmvcmobileunit/AppointmentWizard/265 (fresh session, cache-busted)
2026-01-05 16:24:29,882 - INFO - DEBUG - Location: Mercer (Bakers Basin Mobile)
Real ID
2026-01-05 16:24:29,882 - INFO - DEBUG - Status HTML (raw): 'No Appointments Available'
2026-01-05 16:24:29,882 - INFO - DEBUG - Status text (inner_text): 'No Appointments Available'
2026-01-05 16:24:29,882 - INFO - DEBUG - Has button: False
2026-01-05 16:24:29,963 - INFO - DEBUG - Found Mercer location:
2026-01-05 16:24:29,963 - INFO -   Name: Mercer (Bakers Basin Mobile)
Real ID
2026-01-05 16:24:29,963 - INFO -   Status text (raw): 'No Appointments Available'
2026-01-05 16:24:29,963 - INFO -   Has button: False
2026-01-05 16:24:29,963 - INFO -   Is available (detected): False
2026-01-05 16:24:29,994 - INFO - Mercer: No appointments available
2026-01-05 16:24:29,995 - INFO - Waiting 300 seconds before next check...
2026-01-05 16:29:30,004 - INFO - Checking appointment availability...
2026-01-05 16:29:31,137 - INFO - Navigating to https://telegov.njportal.com/njmvcmobileunit/AppointmentWizard/265 (fresh session, cache-busted)
2026-01-05 16:29:35,558 - INFO - DEBUG - Location: Mercer (Bakers Basin Mobile)
Real ID
2026-01-05 16:29:35,558 - INFO - DEBUG - Status HTML (raw): 'No Appointments Available'
2026-01-05 16:29:35,558 - INFO - DEBUG - Status text (inner_text): 'No Appointments Available'
2026-01-05 16:29:35,558 - INFO - DEBUG - Has button: False
2026-01-05 16:29:35,632 - INFO - DEBUG - Found Mercer location:
2026-01-05 16:29:35,632 - INFO -   Name: Mercer (Bakers Basin Mobile)
Real ID
2026-01-05 16:29:35,632 - INFO -   Status text (raw): 'No Appointments Available'
2026-01-05 16:29:35,632 - INFO -   Has button: False
2026-01-05 16:29:35,632 - INFO -   Is available (detected): False
2026-01-05 16:29:35,661 - INFO - Mercer: No appointments available
2026-01-05 16:29:35,661 - INFO - Waiting 300 seconds before next check...
2026-01-05 16:31:16,071 - INFO - 
Monitoring stopped by user.
2026-01-05 16:31:17,724 - WARNING - python-telegram-bot library not installed. Install with: pip install python-telegram-bot
2026-01-05 16:31:17,726 - INFO - Date filter: Only alerting for appointments before 2026-01-18
2026-01-05 16:31:17,727 - INFO - Starting DMVWatcher for targets: Mercer
2026-01-05 16:31:17,727 - INFO - Polling interval: 300 seconds
2026-01-05 16:31:17,727 - INFO - Anti-spam: After notification, will wait 1 hour before next check
2026-01-05 16:31:17,727 - INFO - Monitoring until: 2026-01-05 18:31:17
2026-01-05 16:31:17,727 - INFO - Checking appointment availability...
2026-01-05 16:31:18,835 - INFO - Navigating to https://telegov.njportal.com/njmvcmobileunit/AppointmentWizard/265 (fresh session, cache-busted)
2026-01-05 16:31:23,422 - INFO - DEBUG - Location: Mercer (Bakers Basin Mobile)
Real ID
2026-01-05 16:31:23,423 - INFO - DEBUG - Status HTML (raw): 'No Appointments Available'
2026-01-05 16:31:23,423 - INFO - DEBUG - Status text (inner_text): 'No Appointments Available'
2026-01-05 16:31:23,423 - INFO - DEBUG - Has button: False
2026-01-05 16:31:23,495 - INFO - DEBUG - Found Mercer location:
2026-01-05 16:31:23,495 - INFO -   Name: Mercer (Bakers Basin Mobile)
Real ID
2026-01-05 16:31:23,495 - INFO -   Status text (raw): 'No Appointments Available'
2026-01-05 16:31:23,495 - INFO -   Has button: False
2026-01-05 16:31:23,495 - INFO -   Is available (detected): False
2026-01-05 16:31:23,529 - INFO - Mercer: No appointments available
2026-01-05 16:31:23,529 - INFO - Waiting 300 seconds before next check...
2026-01-05 16:31:51,399 - INFO - 
Monitoring stopped by user.
2026-01-05 16:31:52,563 - WARNING - python-telegram-bot library not installed. Install with: pip install python-telegram-bot
2026-01-05 16:31:52,565 - INFO - Date filter: Only alerting for appointments before 2026-01-18
2026-01-05 16:31:52,565 - INFO - Starting DMVWatcher for targets: Gloucester
2026-01-05 16:31:52,565 - INFO - Polling interval: 300 seconds
2026-01-05 16:31:52,565 - INFO - Anti-spam: After notification, will wait 1 hour before next check
2026-01-05 16:31:52,565 - INFO - Monitoring until: 2026-01-05 18:31:52
2026-01-05 16:31:52,565 - INFO - Checking appointment availability...
2026-01-05 16:31:53,681 - INFO - Navigating to https://telegov.njportal.com/njmvcmobileunit/AppointmentWizard/265 (fresh session, cache-busted)
2026-01-05 16:31:58,049 - INFO - DEBUG - Location: Gloucester (Washington Twp)
Real ID
2026-01-05 16:31:58,049 - INFO - DEBUG - Status HTML (raw): '3 Appointments Available <br> Next Available: 01/06/2026 09:00 AM'
2026-01-05 16:31:58,049 - INFO - DEBUG - Status text (inner_text): '3 Appointments Available\nNext Available: 01/06/2026 09:00 AM'
2026-01-05 16:31:58,049 - INFO - DEBUG - Has button: True
2026-01-05 16:31:58,134 - INFO - DEBUG - Found Gloucester location:
2026-01-05 16:31:58,134 - INFO -   Name: Gloucester (Washington Twp)
Real ID
2026-01-05 16:31:58,134 - INFO -   Status text (raw): '3 Appointments Available\nNext Available: 01/06/2026 09:00 AM'
2026-01-05 16:31:58,134 - INFO -   Has button: True
2026-01-05 16:31:58,134 - INFO -   Is available (detected): True
2026-01-05 16:31:58,166 - INFO - DEBUG - Parsing status text: '3 Appointments Available\nNext Available: 01/06/2026 09:00 AM'
2026-01-05 16:31:58,166 - INFO - DEBUG - Split parts: ['3 ', '\nNext Available: 01/06/2026 09:00 AM']
2026-01-05 16:31:58,166 - INFO - DEBUG - Count string: '3'
2026-01-05 16:31:58,166 - INFO - DEBUG - Next available part: '01/06/2026 09:00 AM'
2026-01-05 16:31:58,167 - INFO - 🎉 NEW AVAILABILITY DETECTED for Gloucester!
2026-01-05 16:31:58,167 - INFO - 🚨 APPOINTMENT AVAILABLE! 🚨

Location: Gloucester (Washington Twp)
Real ID
County: Gloucester
Appointments Available: 3
Next Available: 01/06/2026 09:00 AM

Book now: https://telegov.njportal.com/njmvcmobileunit/AppointmentWizard/265

2026-01-05 16:31:58,167 - INFO - Telegram bot not configured - notification only logged to console/file
2026-01-05 16:31:58,167 - INFO - DEBUG - Parsing status text: '3 Appointments Available\nNext Available: 01/06/2026 09:00 AM'
2026-01-05 16:31:58,167 - INFO - DEBUG - Split parts: ['3 ', '\nNext Available: 01/06/2026 09:00 AM']
2026-01-05 16:31:58,167 - INFO - DEBUG - Count string: '3'
2026-01-05 16:31:58,167 - INFO - DEBUG - Next available part: '01/06/2026 09:00 AM'
2026-01-05 16:31:58,167 - INFO - Gloucester: 3 appointments available (Next: 01/06/2026 09:00 AM) (Date: 2026-01-06) ✅ Within date filter
2026-01-05 16:31:58,167 - INFO - 📱 Notification sent! Waiting 3600 seconds (1 hour) before next check to avoid spam...
2026-01-05 16:32:36,861 - INFO - 
Monitoring stopped by user.
2026-01-05 16:32:39,550 - WARNING - python-telegram-bot library not installed. Install with: pip install python-telegram-bot
2026-01-05 16:32:39,552 - INFO - Date filter: Only alerting for appointments before 2026-01-18
2026-01-05 16:32:39,552 - INFO - Starting DMVWatcher for targets: Gloucester
2026-01-05 16:32:39,553 - INFO - Polling interval: 300 seconds
2026-01-05 16:32:39,553 - INFO - Anti-spam: After notification, will wait 1 hour before next check
2026-01-05 16:32:39,553 - INFO - Monitoring until: 2026-01-05 18:32:39
2026-01-05 16:32:39,553 - INFO - Checking appointment availability...
2026-01-05 16:32:40,620 - INFO - Navigating to https://telegov.njportal.com/njmvcmobileunit/AppointmentWizard/265 (fresh session, cache-busted)
2026-01-05 16:32:44,980 - INFO - DEBUG - Location: Gloucester (Washington Twp)
Real ID
2026-01-05 16:32:44,980 - INFO - DEBUG - Status HTML (raw): '3 Appointments Available <br> Next Available: 01/06/2026 09:00 AM'
2026-01-05 16:32:44,980 - INFO - DEBUG - Status text (inner_text): '3 Appointments Available\nNext Available: 01/06/2026 09:00 AM'
2026-01-05 16:32:44,980 - INFO - DEBUG - Has button: True
2026-01-05 16:32:45,064 - INFO - DEBUG - Found Gloucester location:
2026-01-05 16:32:45,065 - INFO -   Name: Gloucester (Washington Twp)
Real ID
2026-01-05 16:32:45,065 - INFO -   Status text (raw): '3 Appointments Available\nNext Available: 01/06/2026 09:00 AM'
2026-01-05 16:32:45,065 - INFO -   Has button: True
2026-01-05 16:32:45,065 - INFO -   Is available (detected): True
2026-01-05 16:32:45,098 - INFO - DEBUG - Parsing status text: '3 Appointments Available\nNext Available: 01/06/2026 09:00 AM'
2026-01-05 16:32:45,098 - INFO - DEBUG - Split parts: ['3 ', '\nNext Available: 01/06/2026 09:00 AM']
2026-01-05 16:32:45,098 - INFO - DEBUG - Count string: '3'
2026-01-05 16:32:45,098 - INFO - DEBUG - Next available part: '01/06/2026 09:00 AM'
2026-01-05 16:32:45,098 - INFO - Gloucester: 3 appointments available (Next: 01/06/2026 09:00 AM) (Date: 2026-01-06) ✅ Within date filter
2026-01-05 16:32:45,099 - INFO - Waiting 300 seconds before next check...
2026-01-05 16:34:43,963 - INFO - 
Monitoring stopped by user.
2026-01-05 16:34:56,464 - WARNING - python-telegram-bot library not installed. Install with: pip install python-telegram-bot
2026-01-05 16:34:56,467 - INFO - Date filter: Only alerting for appointments before 2026-01-18
2026-01-05 16:34:56,467 - INFO - Starting DMVWatcher for targets: Gloucester
2026-01-05 16:34:56,467 - INFO - Polling interval: 300 seconds
2026-01-05 16:34:56,467 - INFO - Anti-spam: After notification, will wait 1 hour before next check
2026-01-05 16:34:56,467 - INFO - Monitoring until: 2026-01-05 18:34:56
2026-01-05 16:34:56,467 - INFO - Checking appointment availability...
2026-01-05 16:34:57,589 - INFO - Navigating to https://telegov.njportal.com/njmvcmobileunit/AppointmentWizard/265 (fresh session, cache-busted)
2026-01-05 16:35:02,041 - INFO - DEBUG - Location: Gloucester (Washington Twp)
Real ID
2026-01-05 16:35:02,041 - INFO - DEBUG - Status HTML (raw): '3 Appointments Available <br> Next Available: 01/06/2026 09:00 AM'
2026-01-05 16:35:02,041 - INFO - DEBUG - Status text (inner_text): '3 Appointments Available\nNext Available: 01/06/2026 09:00 AM'
2026-01-05 16:35:02,042 - INFO - DEBUG - Has button: True
2026-01-05 16:35:02,134 - INFO - DEBUG - Found Gloucester location:
2026-01-05 16:35:02,134 - INFO -   Name: Gloucester (Washington Twp)
Real ID
2026-01-05 16:35:02,134 - INFO -   Status text (raw): '3 Appointments Available\nNext Available: 01/06/2026 09:00 AM'
2026-01-05 16:35:02,134 - INFO -   Has button: True
2026-01-05 16:35:02,134 - INFO -   Is available (detected): True
2026-01-05 16:35:02,171 - INFO - DEBUG - Parsing status text: '3 Appointments Available\nNext Available: 01/06/2026 09:00 AM'
2026-01-05 16:35:02,171 - INFO - DEBUG - Split parts: ['3 ', '\nNext Available: 01/06/2026 09:00 AM']
2026-01-05 16:35:02,171 - INFO - DEBUG - Count string: '3'
2026-01-05 16:35:02,172 - INFO - DEBUG - Next available part: '01/06/2026 09:00 AM'
2026-01-05 16:35:02,172 - INFO - 🎉 NEW AVAILABILITY DETECTED for Gloucester!
2026-01-05 16:35:02,172 - INFO - 🚨 APPOINTMENT AVAILABLE! 🚨

Location: Gloucester (Washington Twp)
Real ID
County: Gloucester
Appointments Available: 3
Next Available: 01/06/2026 09:00 AM

Book now: https://telegov.njportal.com/njmvcmobileunit/AppointmentWizard/265

2026-01-05 16:35:02,172 - INFO - Telegram bot not configured - notification only logged to console/file
2026-01-05 16:35:02,172 - INFO - DEBUG - Parsing status text: '3 Appointments Available\nNext Available: 01/06/2026 09:00 AM'
2026-01-05 16:35:02,172 - INFO - DEBUG - Split parts: ['3 ', '\nNext Available: 01/06/2026 09:00 AM']
2026-01-05 16:35:02,172 - INFO - DEBUG - Count string: '3'
2026-01-05 16:35:02,172 - INFO - DEBUG - Next available part: '01/06/2026 09:00 AM'
2026-01-05 16:35:02,172 - INFO - Gloucester: 3 appointments available (Next: 01/06/2026 09:00 AM) (Date: 2026-01-06) ✅ Within date filter
2026-01-05 16:35:02,173 - INFO - 📱 Notification sent! Waiting 3600 seconds (1 hour) before next check to avoid spam...
2026-01-05 16:35:53,342 - INFO - 
Monitoring stopped by user.
2026-01-05 16:36:17,981 - INFO - Telegram config loaded: bot_token=***wxyz, chat_id=123456789
2026-01-05 16:36:18,181 - INFO - Telegram notifications enabled
2026-01-05 16:36:18,182 - INFO - Date filter: Only alerting for appointments before 2026-01-18
2026-01-05 16:36:18,182 - INFO - Starting DMVWatcher for targets: Gloucester
2026-01-05 16:36:18,182 - INFO - Polling interval: 300 seconds
2026-01-05 16:36:18,182 - INFO - Anti-spam: After notification, will wait 1 hour before next check
2026-01-05 16:36:18,183 - INFO - Monitoring until: 2026-01-05 18:36:18
2026-01-05 16:36:18,183 - INFO - Checking appointment availability...
2026-01-05 16:36:19,257 - INFO - Navigating to https://telegov.njportal.com/njmvcmobileunit/AppointmentWizard/265 (fresh session, cache-busted)
2026-01-05 16:36:23,804 - INFO - DEBUG - Location: Gloucester (Washington Twp)
Real ID
2026-01-05 16:36:23,804 - INFO - DEBUG - Status HTML (raw): '3 Appointments Available <br> Next Available: 01/06/2026 09:00 AM'
2026-01-05 16:36:23,804 - INFO - DEBUG - Status text (inner_text): '3 Appointments Available\nNext Available: 01/06/2026 09:00 AM'
2026-01-05 16:36:23,804 - INFO - DEBUG - Has button: True
2026-01-05 16:36:23,894 - INFO - DEBUG - Found Gloucester location:
2026-01-05 16:36:23,894 - INFO -   Name: Gloucester (Washington Twp)
Real ID
2026-01-05 16:36:23,894 - INFO -   Status text (raw): '3 Appointments Available\nNext Available: 01/06/2026 09:00 AM'
2026-01-05 16:36:23,894 - INFO -   Has button: True
2026-01-05 16:36:23,894 - INFO -   Is available (detected): True
2026-01-05 16:36:23,923 - INFO - DEBUG - Parsing status text: '3 Appointments Available\nNext Available: 01/06/2026 09:00 AM'
2026-01-05 16:36:23,923 - INFO - DEBUG - Split parts: ['3 ', '\nNext Available: 01/06/2026 09:00 AM']
2026-01-05 16:36:23,923 - INFO - DEBUG - Count string: '3'
2026-01-05 16:36:23,923 - INFO - DEBUG - Next available part: '01/06/2026 09:00 AM'
2026-01-05 16:36:23,924 - INFO - 🎉 NEW AVAILABILITY DETECTED for Gloucester!
2026-01-05 16:36:23,924 - INFO - 🚨 APPOINTMENT AVAILABLE! 🚨

Location: Gloucester (Washington Twp)
Real ID
County: Gloucester
Appointments Available: 3
Next Available: 01/06/2026 09:00 AM

Book now: https://telegov.njportal.com/njmvcmobileunit/AppointmentWizard/265

2026-01-05 16:36:23,929 - INFO - 📱 Telegram message sent successfully
2026-01-05 16:36:23,929 - INFO - Gloucester: 3 appointments available (Next: 01/06/2026 09:00 AM) (Date: 2026-01-06) ✅ Within date filter
2026-01-05 16:36:23,929 - INFO - 📱 Notification sent! Waiting 3600 seconds (1 hour) before next check to avoid spam...
2026-01-05 16:36:48,603 - INFO - 
Monitoring stopped by user.
2026-01-05 16:36:53,793 - INFO - Telegram config loaded: bot_token=***wxyz, chat_id=123456789
2026-01-05 16:36:54,072 - INFO - Telegram notifications enabled
2026-01-05 16:36:54,079 - INFO - Date filter: Only alerting for appointments before 2026-01-18
2026-01-05 16:36:54,079 - INFO - Starting DMVWatcher for targets: Gloucester
2026-01-05 16:36:54,080 - INFO - Polling interval: 300 seconds
2026-01-05 16:36:54,080 - INFO - Anti-spam: After notification, will wait 1 hour before next check
2026-01-05 16:36:54,081 - INFO - Monitoring until: 2026-01-05 18:36:54
2026-01-05 16:36:54,081 - INFO - Checking appointment availability...
2026-01-05 16:36:55,510 - INFO - Navigating to https://telegov.njportal.com/njmvcmobileunit/AppointmentWizard/265 (fresh session, cache-busted)
2026-01-05 16:37:00,147 - INFO - DEBUG - Location: Gloucester (Washington Twp)
Real ID
2026-01-05 16:37:00,148 - INFO - DEBUG - Status HTML (raw): '3 Appointments Available <br> Next Available: 01/06/2026 09:00 AM'
2026-01-05 16:37:00,148 - INFO - DEBUG - Status text (inner_text): '3 Appointments Available\nNext Available: 01/06/2026 09:00 AM'
2026-01-05 16:37:00,148 - INFO - DEBUG - Has button: True
2026-01-05 16:37:00,230 - INFO - DEBUG - Found Gloucester location:
2026-01-05 16:37:00,230 - INFO -   Name: Gloucester (Washington Twp)
Real ID
2026-01-05 16:37:00,230 - INFO -   Status text (raw): '3 Appointments Available\nNext Available: 01/06/2026 09:00 AM'
2026-01-05 16:37:00,230 - INFO -   Has button: True
2026-01-05 16:37:00,230 - INFO -   Is available (detected): True
2026-01-05 16:37:00,259 - INFO - DEBUG - Parsing status text: '3 Appointments Available\nNext Available: 01/06/2026 09:00 AM'
2026-01-05 16:37:00,260 - INFO - DEBUG - Split parts: ['3 ', '\nNext Available: 01/06/2026 09:00 AM']
2026-01-05 16:37:00,260 - INFO - DEBUG - Count string: '3'
2026-01-05 16:37:00,260 - INFO - DEBUG - Next available part: '01/06/2026 09:00 AM'
2026-01-05 16:37:00,260 - INFO - 🎉 NEW AVAILABILITY DETECTED for Gloucester!
2026-01-05 16:37:00,260 - INFO - 🚨 APPOINTMENT AVAILABLE! 🚨

Location: Gloucester (Washington Twp)
Real ID
County: Gloucester
Appointments Available: 3
Next Available: 01/06/2026 09:00 AM

Book now: https://telegov.njportal.com/njmvcmobileunit/AppointmentWizard/265

2026-01-05 16:37:00,261 - INFO - 📱 Telegram message sent successfully
2026-01-05 16:37:00,261 - INFO - Gloucester: 3 appointments available (Next: 01/06/2026 09:00 AM) (Date: 2026-01-06) ✅ Within date filter
2026-01-05 16:37:00,262 - INFO - 📱 Notification sent! Waiting 3600 seconds (1 hour) before next check to avoid spam...
2026-01-05 16:37:59,134 - INFO - 
Monitoring stopped by user.
2026-01-05 16:38:00,009 - INFO - Telegram config loaded: bot_token=***wxyz, chat_id=123456789
2026-01-05 16:38:00,188 - INFO - Telegram notifications enabled
2026-01-05 16:38:00,190 - INFO - Date filter: Only alerting for appointments before 2026-01-18
2026-01-05 16:38:00,190 - INFO - Starting DMVWatcher for targets: Gloucester
2026-01-05 16:38:00,190 - INFO - Polling interval: 300 seconds
2026-01-05 16:38:00,190 - INFO - Anti-spam: After notification, will wait 1 hour before next check
2026-01-05 16:38:00,190 - INFO - Monitoring until: 2026-01-05 18:38:00
2026-01-05 16:38:00,190 - INFO - Checking appointment availability...
2026-01-05 16:38:01,317 - INFO - Navigating to https://telegov.njportal.com/njmvcmobileunit/AppointmentWizard/265 (fresh session, cache-busted)
2026-01-05 16:38:05,738 - INFO - DEBUG - Location: Gloucester (Washington Twp)
Real ID
2026-01-05 16:38:05,739 - INFO - DEBUG - Status HTML (raw): '3 Appointments Available <br> Next Available: 01/06/2026 09:00 AM'
2026-01-05 16:38:05,739 - INFO - DEBUG - Status text (inner_text): '3 Appointments Available\nNext Available: 01/06/2026 09:00 AM'
2026-01-05 16:38:05,739 - INFO - DEBUG - Has button: True
2026-01-05 16:38:05,825 - INFO - DEBUG - Found Gloucester location:
2026-01-05 16:38:05,825 - INFO -   Name: Gloucester (Washington Twp)
Real ID
2026-01-05 16:38:05,825 - INFO -   Status text (raw): '3 Appointments Available\nNext Available: 01/06/2026 09:00 AM'
2026-01-05 16:38:05,825 - INFO -   Has button: True
2026-01-05 16:38:05,825 - INFO -   Is available (detected): True
2026-01-05 16:38:05,857 - INFO - DEBUG - Parsing status text: '3 Appointments Available\nNext Available: 01/06/2026 09:00 AM'
2026-01-05 16:38:05,857 - INFO - DEBUG - Split parts: ['3 ', '\nNext Available: 01/06/2026 09:00 AM']
2026-01-05 16:38:05,857 - INFO - DEBUG - Count string: '3'
2026-01-05 16:38:05,857 - INFO - DEBUG - Next available part: '01/06/2026 09:00 AM'
2026-01-05 16:38:05,858 - INFO - 🎉 NEW AVAILABILITY DETECTED for Gloucester!
2026-01-05 16:38:05,858 - INFO - 🚨 APPOINTMENT AVAILABLE! 🚨

Location: Gloucester (Washington Twp)
Real ID
County: Gloucester
Appointments Available: 3
Next Available: 01/06/2026 09:00 AM

Book now: https://telegov.njportal.com/njmvcmobileunit/AppointmentWizard/265

2026-01-05 16:38:06,183 - INFO - HTTP Request: POST https://api.telegram.org/bot1234567890:ABCdefGHIjklMNOpqrsTUVwxyz/sendMessage "HTTP/1.1 401 Unauthorized"
2026-01-05 16:38:06,186 - ERROR - Failed to send Telegram message: Unauthorized
2026-01-05 16:38:06,186 - INFO - Gloucester: 3 appointments available (Next: 01/06/2026 09:00 AM) (Date: 2026-01-06) ✅ Within date filter
2026-01-05 16:38:06,187 - INFO - 📱 Notification sent! Waiting 3600 seconds (1 hour) before next check to avoid spam...
2026-01-05 16:39:10,735 - INFO - 
Monitoring stopped by user.
2026-01-05 16:39:11,677 - INFO - Telegram config loaded: bot_token=***pAQs, chat_id=6885982394
2026-01-05 16:39:11,881 - INFO - Telegram notifications enabled
2026-01-05 16:39:11,882 - INFO - Date filter: Only alerting for appointments before 2026-01-18
2026-01-05 16:39:11,882 - INFO - Starting DMVWatcher for targets: Gloucester
2026-01-05 16:39:11,882 - INFO - Polling interval: 300 seconds
2026-01-05 16:39:11,882 - INFO - Anti-spam: After notification, will wait 1 hour before next check
2026-01-05 16:39:11,882 - INFO - Monitoring until: 2026-01-05 18:39:11
2026-01-05 16:39:11,882 - INFO - Checking appointment availability...
2026-01-05 16:39:12,895 - INFO - Navigating to https://telegov.njportal.com/njmvcmobileunit/AppointmentWizard/265 (fresh session, cache-busted)
2026-01-05 16:39:17,789 - INFO - DEBUG - Location: Gloucester (Washington Twp)
Real ID
2026-01-05 16:39:17,790 - INFO - DEBUG - Status HTML (raw): '3 Appointments Available <br> Next Available: 01/06/2026 09:00 AM'
2026-01-05 16:39:17,790 - INFO - DEBUG - Status text (inner_text): '3 Appointments Available\nNext Available: 01/06/2026 09:00 AM'
2026-01-05 16:39:17,790 - INFO - DEBUG - Has button: True
2026-01-05 16:39:17,889 - INFO - DEBUG - Found Gloucester location:
2026-01-05 16:39:17,889 - INFO -   Name: Gloucester (Washington Twp)
Real ID
2026-01-05 16:39:17,889 - INFO -   Status text (raw): '3 Appointments Available\nNext Available: 01/06/2026 09:00 AM'
2026-01-05 16:39:17,889 - INFO -   Has button: True
2026-01-05 16:39:17,889 - INFO -   Is available (detected): True
2026-01-05 16:39:17,920 - INFO - DEBUG - Parsing status text: '3 Appointments Available\nNext Available: 01/06/2026 09:00 AM'
2026-01-05 16:39:17,920 - INFO - DEBUG - Split parts: ['3 ', '\nNext Available: 01/06/2026 09:00 AM']
2026-01-05 16:39:17,920 - INFO - DEBUG - Count string: '3'
2026-01-05 16:39:17,920 - INFO - DEBUG - Next available part: '01/06/2026 09:00 AM'
2026-01-05 16:39:17,920 - INFO - 🎉 NEW AVAILABILITY DETECTED for Gloucester!
2026-01-05 16:39:17,920 - INFO - 🚨 APPOINTMENT AVAILABLE! 🚨

Location: Gloucester (Washington Twp)
Real ID
County: Gloucester
Appointments Available: 3
Next Available: 01/06/2026 09:00 AM

Book now: https://telegov.njportal.com/njmvcmobileunit/AppointmentWizard/265

2026-01-05 16:39:18,610 - INFO - HTTP Request: POST https://api.telegram.org/bot8583259172:AAH6Wg4UuTOWe26kdrwH5TpiCfX_mC-pAQs/sendMessage "HTTP/1.1 400 Bad Request"
2026-01-05 16:39:18,615 - ERROR - Failed to send Telegram message: Chat not found
2026-01-05 16:39:18,615 - INFO - Gloucester: 3 appointments available (Next: 01/06/2026 09:00 AM) (Date: 2026-01-06) ✅ Within date filter
2026-01-05 16:39:18,616 - INFO - 📱 Notification sent! Waiting 3600 seconds (1 hour) before next check to avoid spam...
2026-01-05 16:42:16,743 - INFO - 
Monitoring stopped by user.
2026-01-05 16:43:38,650 - INFO - Telegram config loaded: bot_token=***pAQs, chat_id=6885982394
2026-01-05 16:43:38,828 - INFO - Telegram notifications enabled (chat_id: 6885982394)
2026-01-05 16:43:38,830 - INFO - Date filter: Only alerting for appointments before 2026-01-18
2026-01-05 16:43:38,830 - INFO - Starting DMVWatcher for targets: Gloucester
2026-01-05 16:43:38,830 - INFO - Polling interval: 300 seconds
2026-01-05 16:43:38,830 - INFO - Anti-spam: After notification, will wait 1 hour before next check
2026-01-05 16:43:38,830 - INFO - Monitoring until: 2026-01-05 18:43:38
2026-01-05 16:43:38,830 - INFO - Checking appointment availability...
2026-01-05 16:43:39,939 - INFO - Navigating to https://telegov.njportal.com/njmvcmobileunit/AppointmentWizard/265 (fresh session, cache-busted)
2026-01-05 16:43:44,285 - INFO - DEBUG - Location: Gloucester (Washington Twp)
Real ID
2026-01-05 16:43:44,285 - INFO - DEBUG - Status HTML (raw): '2 Appointments Available <br> Next Available: 01/06/2026 09:45 AM'
2026-01-05 16:43:44,285 - INFO - DEBUG - Status text (inner_text): '2 Appointments Available\nNext Available: 01/06/2026 09:45 AM'
2026-01-05 16:43:44,285 - INFO - DEBUG - Has button: True
2026-01-05 16:43:44,375 - INFO - DEBUG - Found Gloucester location:
2026-01-05 16:43:44,375 - INFO -   Name: Gloucester (Washington Twp)
Real ID
2026-01-05 16:43:44,375 - INFO -   Status text (raw): '2 Appointments Available\nNext Available: 01/06/2026 09:45 AM'
2026-01-05 16:43:44,375 - INFO -   Has button: True
2026-01-05 16:43:44,375 - INFO -   Is available (detected): True
2026-01-05 16:43:44,405 - INFO - DEBUG - Parsing status text: '2 Appointments Available\nNext Available: 01/06/2026 09:45 AM'
2026-01-05 16:43:44,405 - INFO - DEBUG - Split parts: ['2 ', '\nNext Available: 01/06/2026 09:45 AM']
2026-01-05 16:43:44,405 - INFO - DEBUG - Count string: '2'
2026-01-05 16:43:44,405 - INFO - DEBUG - Next available part: '01/06/2026 09:45 AM'
2026-01-05 16:43:44,405 - INFO - 🎉 NEW AVAILABILITY DETECTED for Gloucester!
2026-01-05 16:43:44,405 - INFO - 🚨 APPOINTMENT AVAILABLE! 🚨

Location: Gloucester (Washington Twp)
Real ID
County: Gloucester
Appointments Available: 2
Next Available: 01/06/2026 09:45 AM

Book now: https://telegov.njportal.com/njmvcmobileunit/AppointmentWizard/265

2026-01-05 16:43:45,056 - INFO - HTTP Request: POST https://api.telegram.org/bot8583259172:AAH6Wg4UuTOWe26kdrwH5TpiCfX_mC-pAQs/sendMessage "HTTP/1.1 400 Bad Request"
2026-01-05 16:43:45,057 - ERROR - Failed to send Telegram message: Chat not found. Your chat_id '6885982394' is incorrect.
2026-01-05 16:43:45,058 - ERROR - To get your correct chat_id:
2026-01-05 16:43:45,058 - ERROR - 1. Send a message to your bot in Telegram
2026-01-05 16:43:45,058 - ERROR - 2. Visit: https://api.telegram.org/bot8583259172:AAH6Wg4UuTOWe26kdrwH5TpiCfX_mC-pAQs/getUpdates
2026-01-05 16:43:45,058 - ERROR - 3. Look for 'chat':{'id':123456789} - that number is your chat_id
2026-01-05 16:43:45,058 - INFO - Gloucester: 2 appointments available (Next: 01/06/2026 09:45 AM) (Date: 2026-01-06) ✅ Within date filter
2026-01-05 16:43:45,058 - INFO - 📱 Notification sent! Waiting 3600 seconds (1 hour) before next check to avoid spam...
2026-01-05 16:45:22,104 - INFO - 
Monitoring stopped by user.
2026-01-05 16:45:23,090 - INFO - Telegram config loaded: bot_token=***pAQs, chat_id=6885982394
2026-01-05 16:45:23,349 - INFO - Telegram notifications enabled (chat_id: 6885982394)
2026-01-05 16:45:23,351 - INFO - Date filter: Only alerting for appointments before 2026-01-18
2026-01-05 16:45:23,351 - INFO - Starting DMVWatcher for targets: Gloucester
2026-01-05 16:45:23,351 - INFO - Polling interval: 300 seconds
2026-01-05 16:45:23,352 - INFO - Anti-spam: After notification, will wait 1 hour before next check
2026-01-05 16:45:23,352 - INFO - Monitoring until: 2026-01-05 18:45:23
2026-01-05 16:45:23,352 - INFO - Checking appointment availability...
2026-01-05 16:45:24,896 - INFO - Navigating to https://telegov.njportal.com/njmvcmobileunit/AppointmentWizard/265 (fresh session, cache-busted)
2026-01-05 16:45:30,158 - INFO - DEBUG - Location: Gloucester (Washington Twp)
Real ID
2026-01-05 16:45:30,158 - INFO - DEBUG - Status HTML (raw): '1 Appointments Available <br> Next Available: 01/06/2026 09:45 AM'
2026-01-05 16:45:30,158 - INFO - DEBUG - Status text (inner_text): '1 Appointments Available\nNext Available: 01/06/2026 09:45 AM'
2026-01-05 16:45:30,158 - INFO - DEBUG - Has button: True
2026-01-05 16:45:30,395 - INFO - DEBUG - Found Gloucester location:
2026-01-05 16:45:30,396 - INFO -   Name: Gloucester (Washington Twp)
Real ID
2026-01-05 16:45:30,396 - INFO -   Status text (raw): '1 Appointments Available\nNext Available: 01/06/2026 09:45 AM'
2026-01-05 16:45:30,396 - INFO -   Has button: True
2026-01-05 16:45:30,396 - INFO -   Is available (detected): True
2026-01-05 16:45:30,447 - INFO - DEBUG - Parsing status text: '1 Appointments Available\nNext Available: 01/06/2026 09:45 AM'
2026-01-05 16:45:30,448 - INFO - DEBUG - Split parts: ['1 ', '\nNext Available: 01/06/2026 09:45 AM']
2026-01-05 16:45:30,448 - INFO - DEBUG - Count string: '1'
2026-01-05 16:45:30,448 - INFO - DEBUG - Next available part: '01/06/2026 09:45 AM'
2026-01-05 16:45:30,448 - INFO - 🎉 NEW AVAILABILITY DETECTED for Gloucester!
2026-01-05 16:45:30,448 - INFO - 🚨 APPOINTMENT AVAILABLE! 🚨

Location: Gloucester (Washington Twp)
Real ID
County: Gloucester
Appointments Available: 1
Next Available: 01/06/2026 09:45 AM

Book now: https://telegov.njportal.com/njmvcmobileunit/AppointmentWizard/265

2026-01-05 16:45:31,231 - INFO - HTTP Request: POST https://api.telegram.org/bot8583259172:AAH6Wg4UuTOWe26kdrwH5TpiCfX_mC-pAQs/sendMessage "HTTP/1.1 400 Bad Request"
2026-01-05 16:45:31,233 - ERROR - Error in async send: Chat not found
2026-01-05 16:45:31,235 - ERROR - Failed to send Telegram message: Chat not found.
2026-01-05 16:45:31,235 - ERROR - Your chat_id is: 6885982394
2026-01-05 16:45:31,235 - ERROR - Possible causes:
2026-01-05 16:45:31,235 - ERROR - 1. The bot hasn't been started by the user (send /start to your bot)
2026-01-05 16:45:31,235 - ERROR - 2. The chat_id is incorrect
2026-01-05 16:45:31,235 - ERROR - 3. The user has blocked the bot
2026-01-05 16:45:31,235 - ERROR - To verify your chat_id:
2026-01-05 16:45:31,235 - ERROR -    Visit: https://api.telegram.org/bot8583259172:AAH6Wg4UuTOWe26kdrwH5TpiCfX_mC-pAQs/getUpdates
2026-01-05 16:45:31,235 - ERROR -    Look for 'chat':{'id':123456789} in the response
2026-01-05 16:45:31,236 - INFO - Gloucester: 1 appointments available (Next: 01/06/2026 09:45 AM) (Date: 2026-01-06) ✅ Within date filter
2026-01-05 16:45:31,237 - INFO - 📱 Notification sent! Waiting 3600 seconds (1 hour) before next check to avoid spam...
2026-01-05 16:49:21,275 - INFO - 
Monitoring stopped by user.
2026-01-05 16:49:22,822 - INFO - Telegram config loaded: bot_token=***pAQs, chat_id=6885982394
2026-01-05 16:49:23,002 - INFO - Telegram notifications enabled (chat_id: 6885982394)
2026-01-05 16:49:23,783 - INFO - HTTP Request: POST https://api.telegram.org/bot8583259172:AAH6Wg4UuTOWe26kdrwH5TpiCfX_mC-pAQs/getChat "HTTP/1.1 400 Bad Request"
2026-01-05 16:49:23,784 - WARNING - ⚠️  Bot cannot access chat. User must send a message to the bot first!
2026-01-05 16:49:23,784 - WARNING -    Steps to fix:
2026-01-05 16:49:23,784 - WARNING -    1. Open Telegram and search for your bot
2026-01-05 16:49:23,784 - WARNING -    2. Send ANY message to the bot (e.g., 'Hello' or '/start')
2026-01-05 16:49:23,784 - WARNING -    3. Then the bot will be able to send you messages
2026-01-05 16:49:23,785 - WARNING - Telegram bot initialized but cannot send messages until user starts conversation
2026-01-05 16:49:23,788 - INFO - Date filter: Only alerting for appointments before 2026-01-18
2026-01-05 16:49:23,788 - INFO - Starting DMVWatcher for targets: Gloucester
2026-01-05 16:49:23,788 - INFO - Polling interval: 300 seconds
2026-01-05 16:49:23,788 - INFO - Anti-spam: After notification, will wait 1 hour before next check
2026-01-05 16:49:23,788 - INFO - Monitoring until: 2026-01-05 18:49:23
2026-01-05 16:49:23,788 - INFO - Checking appointment availability...
2026-01-05 16:49:24,839 - INFO - Navigating to https://telegov.njportal.com/njmvcmobileunit/AppointmentWizard/265 (fresh session, cache-busted)
2026-01-05 16:49:29,228 - INFO - DEBUG - Location: Gloucester (Washington Twp)
Real ID
2026-01-05 16:49:29,229 - INFO - DEBUG - Status HTML (raw): '1 Appointments Available <br> Next Available: 01/06/2026 09:45 AM'
2026-01-05 16:49:29,229 - INFO - DEBUG - Status text (inner_text): '1 Appointments Available\nNext Available: 01/06/2026 09:45 AM'
2026-01-05 16:49:29,229 - INFO - DEBUG - Has button: True
2026-01-05 16:49:29,307 - INFO - DEBUG - Found Gloucester location:
2026-01-05 16:49:29,307 - INFO -   Name: Gloucester (Washington Twp)
Real ID
2026-01-05 16:49:29,307 - INFO -   Status text (raw): '1 Appointments Available\nNext Available: 01/06/2026 09:45 AM'
2026-01-05 16:49:29,307 - INFO -   Has button: True
2026-01-05 16:49:29,307 - INFO -   Is available (detected): True
2026-01-05 16:49:29,347 - INFO - DEBUG - Parsing status text: '1 Appointments Available\nNext Available: 01/06/2026 09:45 AM'
2026-01-05 16:49:29,347 - INFO - DEBUG - Split parts: ['1 ', '\nNext Available: 01/06/2026 09:45 AM']
2026-01-05 16:49:29,347 - INFO - DEBUG - Count string: '1'
2026-01-05 16:49:29,347 - INFO - DEBUG - Next available part: '01/06/2026 09:45 AM'
2026-01-05 16:49:29,348 - INFO - 🎉 NEW AVAILABILITY DETECTED for Gloucester!
2026-01-05 16:49:29,348 - INFO - 🚨 APPOINTMENT AVAILABLE! 🚨

Location: Gloucester (Washington Twp)
Real ID
County: Gloucester
Appointments Available: 1
Next Available: 01/06/2026 09:45 AM

Book now: https://telegov.njportal.com/njmvcmobileunit/AppointmentWizard/265

2026-01-05 16:49:29,350 - ERROR - Error in async send: Unknown error in HTTP implementation: RuntimeError('Event loop is closed')
2026-01-05 16:49:29,350 - ERROR - Failed to send Telegram message: Unknown error in HTTP implementation: RuntimeError('Event loop is closed')
2026-01-05 16:49:29,350 - ERROR - Error type: NetworkError
2026-01-05 16:49:29,351 - INFO - Gloucester: 1 appointments available (Next: 01/06/2026 09:45 AM) (Date: 2026-01-06) ✅ Within date filter
2026-01-05 16:49:29,351 - INFO - 📱 Notification sent! Waiting 3600 seconds (1 hour) before next check to avoid spam...
2026-01-05 16:49:59,181 - INFO - 
Monitoring stopped by user.
2026-01-05 16:50:00,782 - INFO - Telegram config loaded: bot_token=***pAQs, chat_id=6885982394
2026-01-05 16:50:00,975 - INFO - Telegram notifications enabled (chat_id: 6885982394)
2026-01-05 16:50:01,629 - INFO - HTTP Request: POST https://api.telegram.org/bot8583259172:AAH6Wg4UuTOWe26kdrwH5TpiCfX_mC-pAQs/getChat "HTTP/1.1 400 Bad Request"
2026-01-05 16:50:02,088 - INFO - HTTP Request: POST https://api.telegram.org/bot8583259172:AAH6Wg4UuTOWe26kdrwH5TpiCfX_mC-pAQs/getChat "HTTP/1.1 400 Bad Request"
2026-01-05 16:50:02,088 - WARNING - ⚠️  Bot cannot access chat.
2026-01-05 16:50:02,088 - WARNING -    Possible causes:
2026-01-05 16:50:02,089 - WARNING -    1. User must send a FRESH message to the bot RIGHT NOW
2026-01-05 16:50:02,089 - WARNING -    2. User has blocked the bot
2026-01-05 16:50:02,089 - WARNING -    3. User privacy settings prevent bot messages
2026-01-05 16:50:02,089 - WARNING -    4. Chat ID format issue
2026-01-05 16:50:02,089 - WARNING -    Trying chat_id as: string='6885982394', int=6885982394
2026-01-05 16:50:02,089 - WARNING - Telegram bot initialized but cannot send messages until user starts conversation
2026-01-05 16:50:02,092 - INFO - Date filter: Only alerting for appointments before 2026-01-18
2026-01-05 16:50:02,092 - INFO - Starting DMVWatcher for targets: Gloucester
2026-01-05 16:50:02,092 - INFO - Polling interval: 300 seconds
2026-01-05 16:50:02,092 - INFO - Anti-spam: After notification, will wait 1 hour before next check
2026-01-05 16:50:02,092 - INFO - Monitoring until: 2026-01-05 18:50:02
2026-01-05 16:50:02,092 - INFO - Checking appointment availability...
2026-01-05 16:50:03,214 - INFO - Navigating to https://telegov.njportal.com/njmvcmobileunit/AppointmentWizard/265 (fresh session, cache-busted)
2026-01-05 16:50:06,238 - INFO - 
Monitoring stopped by user.
2026-01-05 16:56:08,382 - INFO - Telegram config loaded: bot_token=***pAQs, chat_id=6885982394
2026-01-05 16:56:08,498 - INFO - Telegram notifications enabled (chat_id: 6885982394)
2026-01-05 16:56:08,929 - INFO - HTTP Request: POST https://api.telegram.org/bot8583259172:AAH6Wg4UuTOWe26kdrwH5TpiCfX_mC-pAQs/getChat "HTTP/1.1 200 OK"
2026-01-05 16:56:08,936 - INFO - Date filter: Only alerting for appointments before 2026-01-18
2026-01-05 16:56:08,936 - INFO - Starting DMVWatcher for targets: Gloucester
2026-01-05 16:56:08,936 - INFO - Polling interval: 300 seconds
2026-01-05 16:56:08,936 - INFO - Anti-spam: After notification, will wait 1 hour before next check
2026-01-05 16:56:08,936 - INFO - Monitoring until: 2026-01-05 18:56:08
2026-01-05 16:56:08,936 - INFO - Checking appointment availability...
2026-01-05 16:56:10,022 - INFO - Navigating to https://telegov.njportal.com/njmvcmobileunit/AppointmentWizard/265 (fresh session, cache-busted)
2026-01-05 16:56:14,616 - INFO - DEBUG - Location: Gloucester (Washington Twp)
Real ID
2026-01-05 16:56:14,616 - INFO - DEBUG - Status HTML (raw): '1 Appointments Available <br> Next Available: 01/06/2026 09:45 AM'
2026-01-05 16:56:14,616 - INFO - DEBUG - Status text (inner_text): '1 Appointments Available\nNext Available: 01/06/2026 09:45 AM'
2026-01-05 16:56:14,616 - INFO - DEBUG - Has button: True
2026-01-05 16:56:14,693 - INFO - DEBUG - Found Gloucester location:
2026-01-05 16:56:14,693 - INFO -   Name: Gloucester (Washington Twp)
Real ID
2026-01-05 16:56:14,693 - INFO -   Status text (raw): '1 Appointments Available\nNext Available: 01/06/2026 09:45 AM'
2026-01-05 16:56:14,693 - INFO -   Has button: True
2026-01-05 16:56:14,693 - INFO -   Is available (detected): True
2026-01-05 16:56:14,721 - INFO - DEBUG - Parsing status text: '1 Appointments Available\nNext Available: 01/06/2026 09:45 AM'
2026-01-05 16:56:14,721 - INFO - DEBUG - Split parts: ['1 ', '\nNext Available: 01/06/2026 09:45 AM']
2026-01-05 16:56:14,721 - INFO - DEBUG - Count string: '1'
2026-01-05 16:56:14,721 - INFO - DEBUG - Next available part: '01/06/2026 09:45 AM'
2026-01-05 16:56:14,721 - INFO - 🎉 NEW AVAILABILITY DETECTED for Gloucester!
2026-01-05 16:56:14,721 - INFO - 🚨 APPOINTMENT AVAILABLE! 🚨

Location: Gloucester (Washington Twp)
Real ID
County: Gloucester
Appointments Available: 1
Next Available: 01/06/2026 09:45 AM

Book now: https://telegov.njportal.com/njmvcmobileunit/AppointmentWizard/265

2026-01-05 16:56:15,169 - INFO - HTTP Request: POST https://api.telegram.org/bot8583259172:AAH6Wg4UuTOWe26kdrwH5TpiCfX_mC-pAQs/sendMessage "HTTP/1.1 200 OK"
2026-01-05 16:56:15,174 - INFO - 📱 Telegram message sent successfully
2026-01-05 16:56:15,175 - INFO - Gloucester: 1 appointments available (Next: 01/06/2026 09:45 AM) (Date: 2026-01-06) ✅ Within date filter
2026-01-05 16:56:15,177 - INFO - 📱 Notification sent! Waiting 3600 seconds (1 hour) before next check to avoid spam...
2026-01-05 16:57:09,357 - INFO - 
Monitoring stopped by user.
2026-01-05 16:57:10,252 - INFO - Telegram config loaded: bot_token=***pAQs, chat_id=6885982394
2026-01-05 16:57:10,435 - INFO - Telegram notifications enabled (chat_id: 6885982394)
2026-01-05 16:57:10,861 - INFO - HTTP Request: POST https://api.telegram.org/bot8583259172:AAH6Wg4UuTOWe26kdrwH5TpiCfX_mC-pAQs/getChat "HTTP/1.1 200 OK"
2026-01-05 16:57:10,869 - INFO - Date filter: Only alerting for appointments before 2026-01-18
2026-01-05 16:57:10,869 - INFO - Starting DMVWatcher for targets: Gloucester
2026-01-05 16:57:10,869 - INFO - Polling interval: 300 seconds
2026-01-05 16:57:10,869 - INFO - Anti-spam: After notification, will wait 1 hour before next check
2026-01-05 16:57:10,870 - INFO - Monitoring until: 2026-01-05 18:57:10
2026-01-05 16:57:10,870 - INFO - Checking appointment availability...
2026-01-05 16:57:12,001 - INFO - Navigating to https://telegov.njportal.com/njmvcmobileunit/AppointmentWizard/265 (fresh session, cache-busted)
2026-01-05 16:57:16,549 - INFO - DEBUG - Location: Gloucester (Washington Twp)
Real ID
2026-01-05 16:57:16,549 - INFO - DEBUG - Status HTML (raw): '1 Appointments Available <br> Next Available: 01/06/2026 09:45 AM'
2026-01-05 16:57:16,549 - INFO - DEBUG - Status text (inner_text): '1 Appointments Available\nNext Available: 01/06/2026 09:45 AM'
2026-01-05 16:57:16,549 - INFO - DEBUG - Has button: True
2026-01-05 16:57:16,628 - INFO - DEBUG - Found Gloucester location:
2026-01-05 16:57:16,628 - INFO -   Name: Gloucester (Washington Twp)
Real ID
2026-01-05 16:57:16,628 - INFO -   Status text (raw): '1 Appointments Available\nNext Available: 01/06/2026 09:45 AM'
2026-01-05 16:57:16,628 - INFO -   Has button: True
2026-01-05 16:57:16,628 - INFO -   Is available (detected): True
2026-01-05 16:57:16,660 - INFO - DEBUG - Parsing status text: '1 Appointments Available\nNext Available: 01/06/2026 09:45 AM'
2026-01-05 16:57:16,660 - INFO - DEBUG - Split parts: ['1 ', '\nNext Available: 01/06/2026 09:45 AM']
2026-01-05 16:57:16,660 - INFO - DEBUG - Count string: '1'
2026-01-05 16:57:16,660 - INFO - DEBUG - Next available part: '01/06/2026 09:45 AM'
2026-01-05 16:57:16,660 - INFO - 🎉 NEW AVAILABILITY DETECTED for Gloucester!
2026-01-05 16:57:16,660 - INFO - 🚨 APPOINTMENT AVAILABLE! 🚨

Location: Gloucester (Washington Twp)
Real ID
County: Gloucester
Appointments Available: 1
Next Available: 01/06/2026 09:45 AM

Book now: https://telegov.njportal.com/njmvcmobileunit/AppointmentWizard/265

2026-01-05 16:57:17,102 - INFO - HTTP Request: POST https://api.telegram.org/bot8583259172:AAH6Wg4UuTOWe26kdrwH5TpiCfX_mC-pAQs/sendMessage "HTTP/1.1 200 OK"
2026-01-05 16:57:17,107 - INFO - 📱 Telegram message sent successfully
2026-01-05 16:57:17,107 - INFO - Gloucester: 1 appointments available (Next: 01/06/2026 09:45 AM) (Date: 2026-01-06) ✅ Within date filter
2026-01-05 16:57:17,108 - INFO - 📱 Notification sent! Waiting 3600 seconds (1 hour) before next check to avoid spam...
2026-01-05 16:57:41,159 - INFO - 
Monitoring stopped by user.
2026-01-05 16:57:41,885 - INFO - Telegram config loaded: bot_token=***pAQs, chat_id=6885982394
2026-01-05 16:57:42,065 - INFO - Telegram notifications enabled (chat_id: 6885982394)
2026-01-05 16:57:42,355 - INFO - HTTP Request: POST https://api.telegram.org/bot8583259172:AAH6Wg4UuTOWe26kdrwH5TpiCfX_mC-pAQs/getChat "HTTP/1.1 200 OK"
2026-01-05 16:57:42,363 - INFO - Date filter: Only alerting for appointments before 2026-01-18
2026-01-05 16:57:42,363 - INFO - Starting DMVWatcher for targets: Gloucester
2026-01-05 16:57:42,363 - INFO - Polling interval: 300 seconds
2026-01-05 16:57:42,363 - INFO - Anti-spam: After notification, will wait 1 hour before next check
2026-01-05 16:57:42,363 - INFO - Monitoring until: 2026-01-05 18:57:42
2026-01-05 16:57:42,364 - INFO - Checking appointment availability...
2026-01-05 16:57:43,455 - INFO - Navigating to https://telegov.njportal.com/njmvcmobileunit/AppointmentWizard/265 (fresh session, cache-busted)
2026-01-05 16:57:48,024 - INFO - DEBUG - Location: Gloucester (Washington Twp)
Real ID
2026-01-05 16:57:48,024 - INFO - DEBUG - Status HTML (raw): '1 Appointments Available <br> Next Available: 01/06/2026 09:45 AM'
2026-01-05 16:57:48,024 - INFO - DEBUG - Status text (inner_text): '1 Appointments Available\nNext Available: 01/06/2026 09:45 AM'
2026-01-05 16:57:48,024 - INFO - DEBUG - Has button: True
2026-01-05 16:57:48,098 - INFO - DEBUG - Found Gloucester location:
2026-01-05 16:57:48,098 - INFO -   Name: Gloucester (Washington Twp)
Real ID
2026-01-05 16:57:48,098 - INFO -   Status text (raw): '1 Appointments Available\nNext Available: 01/06/2026 09:45 AM'
2026-01-05 16:57:48,098 - INFO -   Has button: True
2026-01-05 16:57:48,099 - INFO -   Is available (detected): True
2026-01-05 16:57:48,128 - INFO - DEBUG - Parsing status text: '1 Appointments Available\nNext Available: 01/06/2026 09:45 AM'
2026-01-05 16:57:48,128 - INFO - DEBUG - Split parts: ['1 ', '\nNext Available: 01/06/2026 09:45 AM']
2026-01-05 16:57:48,128 - INFO - DEBUG - Count string: '1'
2026-01-05 16:57:48,128 - INFO - DEBUG - Next available part: '01/06/2026 09:45 AM'
2026-01-05 16:57:48,128 - INFO - 🎉 NEW AVAILABILITY DETECTED for Gloucester!
2026-01-05 16:57:48,128 - INFO - 🚨 APPOINTMENT AVAILABLE! 🚨

Location: Gloucester (Washington Twp)
Real ID
County: Gloucester
Appointments Available: 1
Next Available: 01/06/2026 09:45 AM

Book now: https://telegov.njportal.com/njmvcmobileunit/AppointmentWizard/265

2026-01-05 16:57:48,581 - INFO - HTTP Request: POST https://api.telegram.org/bot8583259172:AAH6Wg4UuTOWe26kdrwH5TpiCfX_mC-pAQs/sendMessage "HTTP/1.1 200 OK"
2026-01-05 16:57:48,587 - INFO - 📱 Telegram message sent successfully
2026-01-05 16:57:48,587 - INFO - Gloucester: 1 appointments available (Next: 01/06/2026 09:45 AM) (Date: 2026-01-06) ✅ Within date filter
2026-01-05 16:57:48,588 - INFO - 📱 Notification sent! Waiting 3600 seconds (1 hour) before next check to avoid spam...
2026-01-05 16:57:55,387 - INFO - 
Monitoring stopped by user.
2026-01-05 17:02:38,713 - INFO - Telegram config loaded: bot_token=***pAQs, chat_id=6885982394
2026-01-05 17:02:38,908 - INFO - Telegram notifications enabled (chat_id: 6885982394)
2026-01-05 17:02:39,341 - INFO - HTTP Request: POST https://api.telegram.org/bot8583259172:AAH6Wg4UuTOWe26kdrwH5TpiCfX_mC-pAQs/getChat "HTTP/1.1 200 OK"
2026-01-05 17:02:39,343 - INFO - Date filter: Only alerting for appointments before 2026-01-18
2026-01-05 17:02:39,344 - INFO - Starting DMVWatcher for targets: Mercer
2026-01-05 17:02:39,344 - INFO - Polling interval: 300 seconds
2026-01-05 17:02:39,344 - INFO - Anti-spam: After notification, will wait 1 hour before next check
2026-01-05 17:02:39,344 - INFO - Monitoring until: 2026-01-05 19:02:39
2026-01-05 17:02:39,344 - INFO - Checking appointment availability...
2026-01-05 17:02:40,574 - INFO - Navigating to https://telegov.njportal.com/njmvcmobileunit/AppointmentWizard/265 (fresh session, cache-busted)
2026-01-05 17:02:45,129 - INFO - DEBUG - Location: Mercer (Bakers Basin Mobile)
Real ID
2026-01-05 17:02:45,129 - INFO - DEBUG - Status HTML (raw): 'No Appointments Available'
2026-01-05 17:02:45,129 - INFO - DEBUG - Status text (inner_text): 'No Appointments Available'
2026-01-05 17:02:45,129 - INFO - DEBUG - Has button: False
2026-01-05 17:02:45,206 - INFO - DEBUG - Found Mercer location:
2026-01-05 17:02:45,206 - INFO -   Name: Mercer (Bakers Basin Mobile)
Real ID
2026-01-05 17:02:45,207 - INFO -   Status text (raw): 'No Appointments Available'
2026-01-05 17:02:45,207 - INFO -   Has button: False
2026-01-05 17:02:45,207 - INFO -   Is available (detected): False
2026-01-05 17:02:45,237 - INFO - Mercer: No appointments available
2026-01-05 17:02:45,238 - INFO - Waiting 300 seconds before next check...
2026-01-05 17:02:47,860 - INFO - 
Monitoring stopped by user.
2026-01-05 17:02:55,025 - INFO - Telegram config loaded: bot_token=***pAQs, chat_id=6885982394
2026-01-05 17:02:55,192 - INFO - Telegram notifications enabled (chat_id: 6885982394)
2026-01-05 17:02:55,462 - INFO - HTTP Request: POST https://api.telegram.org/bot8583259172:AAH6Wg4UuTOWe26kdrwH5TpiCfX_mC-pAQs/getChat "HTTP/1.1 200 OK"
2026-01-05 17:02:55,467 - INFO - Date filter: Only alerting for appointments before 2026-01-18
2026-01-05 17:02:55,467 - INFO - Starting DMVWatcher for targets: Gloucester
2026-01-05 17:02:55,467 - INFO - Polling interval: 300 seconds
2026-01-05 17:02:55,467 - INFO - Anti-spam: After notification, will wait 1 hour before next check
2026-01-05 17:02:55,467 - INFO - Monitoring until: 2026-01-05 19:02:55
2026-01-05 17:02:55,467 - INFO - Checking appointment availability...
2026-01-05 17:02:56,206 - INFO - Navigating to https://telegov.njportal.com/njmvcmobileunit/AppointmentWizard/265 (fresh session, cache-busted)
2026-01-05 17:03:00,543 - INFO - DEBUG - Location: Gloucester (Washington Twp)
Real ID
2026-01-05 17:03:00,543 - INFO - DEBUG - Status HTML (raw): '1 Appointments Available <br> Next Available: 01/06/2026 09:45 AM'
2026-01-05 17:03:00,543 - INFO - DEBUG - Status text (inner_text): '1 Appointments Available\nNext Available: 01/06/2026 09:45 AM'
2026-01-05 17:03:00,543 - INFO - DEBUG - Has button: True
2026-01-05 17:03:00,638 - INFO - DEBUG - Found Gloucester location:
2026-01-05 17:03:00,638 - INFO -   Name: Gloucester (Washington Twp)
Real ID
2026-01-05 17:03:00,638 - INFO -   Status text (raw): '1 Appointments Available\nNext Available: 01/06/2026 09:45 AM'
2026-01-05 17:03:00,638 - INFO -   Has button: True
2026-01-05 17:03:00,638 - INFO -   Is available (detected): True
2026-01-05 17:03:00,669 - INFO - DEBUG - Parsing status text: '1 Appointments Available\nNext Available: 01/06/2026 09:45 AM'
2026-01-05 17:03:00,669 - INFO - DEBUG - Split parts: ['1 ', '\nNext Available: 01/06/2026 09:45 AM']
2026-01-05 17:03:00,669 - INFO - DEBUG - Count string: '1'
2026-01-05 17:03:00,669 - INFO - DEBUG - Next available part: '01/06/2026 09:45 AM'
2026-01-05 17:03:00,670 - INFO - 🎉 NEW AVAILABILITY DETECTED for Gloucester!
2026-01-05 17:03:00,670 - INFO - 🚨 APPOINTMENT AVAILABLE! 🚨

Location: Gloucester (Washington Twp)
Real ID
County: Gloucester
Appointments Available: 1
Next Available: 01/06/2026 09:45 AM

Book now: https://telegov.njportal.com/njmvcmobileunit/AppointmentWizard/265

2026-01-05 17:03:01,105 - INFO - HTTP Request: POST https://api.telegram.org/bot8583259172:AAH6Wg4UuTOWe26kdrwH5TpiCfX_mC-pAQs/sendMessage "HTTP/1.1 200 OK"
2026-01-05 17:03:01,108 - INFO - 📱 Telegram message sent successfully
2026-01-05 17:03:01,109 - INFO - Gloucester: 1 appointments available (Next: 01/06/2026 09:45 AM) (Date: 2026-01-06) ✅ Within date filter
2026-01-05 17:03:01,109 - INFO - 📱 Notification sent! Waiting 3600 seconds (1 hour) before next check to avoid spam...
2026-01-05 17:04:23,191 - INFO - 
Monitoring stopped by user.
2026-01-05 17:06:57,922 - INFO - Telegram config loaded: bot_token=***pAQs, chat_id=6885982394
2026-01-05 17:06:58,105 - INFO - Telegram notifications enabled (chat_id: 6885982394)
2026-01-05 17:06:58,534 - INFO - HTTP Request: POST https://api.telegram.org/bot8583259172:AAH6Wg4UuTOWe26kdrwH5TpiCfX_mC-pAQs/getChat "HTTP/1.1 200 OK"
2026-01-05 17:06:58,539 - INFO - Date filter: Only alerting for appointments before 2026-01-18
2026-01-05 17:06:58,540 - INFO - Starting DMVWatcher for targets: Mercer, monmouth, middlesex
2026-01-05 17:06:58,540 - INFO - Polling interval: 300 seconds
2026-01-05 17:06:58,540 - INFO - Anti-spam: After notification, will wait 1 hour before next check
2026-01-05 17:06:58,540 - INFO - Monitoring until: 2026-01-05 19:06:58
2026-01-05 17:06:58,540 - INFO - Checking appointment availability...
2026-01-05 17:06:59,670 - INFO - Navigating to https://telegov.njportal.com/njmvcmobileunit/AppointmentWizard/265 (fresh session, cache-busted)
2026-01-05 17:07:04,126 - INFO - Waiting 300 seconds before next check...
